../Core/Src/main.c:73:5:main	8	static
../Core/Src/main.c:135:6:SystemClock_Config	72	static
../Core/Src/main.c:172:13:MX_TIM2_Init	32	static
../Core/Src/main.c:217:13:MX_GPIO_Init	32	static
../Core/Src/main.c:260:6:updateClockBuffer	4	static
../Core/Src/main.c:266:6:display7SEG	16	static
../Core/Src/main.c:316:6:update7SEG	16	static
../Core/Src/main.c:344:6:HAL_TIM_PeriodElapsedCallback	16	static
../Core/Src/main.c:357:6:setTimer0	16	static
../Core/Src/main.c:362:6:timer_run	4	static
../Core/Src/main.c:374:6:Error_Handler	4	static,ignoring_inline_asm
